[
  {
    "label": "#/components/schemas/a",
    "kind": [],
    "detail": "unknown",
    "documentation": "Reference to #/components/schemas/a",
    "deprecated": [],
    "preselect": [],
    "sortText": "11#/components/schemas/a",
    "filterText": "\"#/components/schemas/a\"",
    "insertText": null,
    "insertTextFormat": [
      1
    ],
    "textEdit": {
      "range": {
        "start": {
          "line": 7,
          "character": 15
        },
        "end": {
          "line": 7,
          "character": 16
        }
      },
      "newText": "\"#/components/schemas/a\""
    },
    "additionalTextEdits": null,
    "commitCharacters": null,
    "command": null
  }
]