[
  {
    "label": "anotherPro",
    "kind": [],
    "detail": "unknown",
    "documentation": "anotherPro",
    "deprecated": [],
    "preselect": [],
    "sortText": "11anotherPro",
    "filterText": "\"anotherPro\"",
    "insertText": null,
    "insertTextFormat": [
      1
    ],
    "textEdit": {
      "range": {
        "start": {
          "line": 20,
          "character": 8
        },
        "end": {
          "line": 20,
          "character": 11
        }
      },
      "newText": "\"anotherPro\""
    },
    "additionalTextEdits": null,
    "commitCharacters": null,
    "command": null
  },
  {
    "label": "name",
    "kind": [],
    "detail": "unknown",
    "documentation": "name",
    "deprecated": [],
    "preselect": [],
    "sortText": "11name",
    "filterText": "\"name\"",
    "insertText": null,
    "insertTextFormat": [
      1
    ],
    "textEdit": {
      "range": {
        "start": {
          "line": 20,
          "character": 8
        },
        "end": {
          "line": 20,
          "character": 11
        }
      },
      "newText": "\"name\""
    },
    "additionalTextEdits": null,
    "commitCharacters": null,
    "command": null
  }
]