[
  {
    "text": "#%AsyncAPI 0.6",
    "description": "Define a %AsyncAPI 0.6 file",
    "displayText": "#%AsyncAPI 0.6",
    "prefix": "",
    "category": "unknown",
    "range": []
  },
  {
    "text": "#%Library / AsyncAPI 0.6",
    "description": "Define a %Library / AsyncAPI 0.6 file",
    "displayText": "#%Library / AsyncAPI 0.6",
    "prefix": "",
    "category": "unknown",
    "range": []
  },
  {
    "text": "#%Message / AsyncAPI 0.6",
    "description": "Define a %Message / AsyncAPI 0.6 file",
    "displayText": "#%Message / AsyncAPI 0.6",
    "prefix": "",
    "category": "unknown",
    "range": []
  },
  {
    "text": "#%Patch / AsyncAPI 0.6",
    "description": "Define a %Patch / AsyncAPI 0.6 file",
    "displayText": "#%Patch / AsyncAPI 0.6",
    "prefix": "",
    "category": "unknown",
    "range": []
  },
  {
    "text": "#%Schema / AsyncAPI 0.6",
    "description": "Define a %Schema / AsyncAPI 0.6 file",
    "displayText": "#%Schema / AsyncAPI 0.6",
    "prefix": "",
    "category": "unknown",
    "range": []
  },
  {
    "text": "#%SecurityScheme / AsyncAPI 0.6",
    "description": "Define a %SecurityScheme / AsyncAPI 0.6 file",
    "displayText": "#%SecurityScheme / AsyncAPI 0.6",
    "prefix": "",
    "category": "unknown",
    "range": []
  },
  {
    "text": "swagger: \"2.0\"",
    "description": "Define a OAS 2.0 file",
    "displayText": "swagger: \"2.0\"",
    "prefix": "",
    "category": "unknown",
    "range": []
  }
]