[
  {
    "label": "description",
    "kind": [],
    "detail": "docs",
    "documentation": "description",
    "deprecated": [],
    "preselect": [],
    "sortText": "11description",
    "filterText": "description: ",
    "insertText": null,
    "insertTextFormat": [
      1
    ],
    "textEdit": {
      "range": {
        "start": {
          "line": 5,
          "character": 10
        },
        "end": {
          "line": 5,
          "character": 10
        }
      },
      "newText": "description: "
    },
    "additionalTextEdits": null,
    "commitCharacters": null,
    "command": null
  },
  {
    "label": "externalDocs",
    "kind": [],
    "detail": "docs",
    "documentation": "externalDocs",
    "deprecated": [],
    "preselect": [],
    "sortText": "11externalDocs",
    "filterText": "externalDocs:\n          ",
    "insertText": null,
    "insertTextFormat": [
      1
    ],
    "textEdit": {
      "range": {
        "start": {
          "line": 5,
          "character": 10
        },
        "end": {
          "line": 5,
          "character": 10
        }
      },
      "newText": "externalDocs:\n          "
    },
    "additionalTextEdits": null,
    "commitCharacters": null,
    "command": null
  },
  {
    "label": "name",
    "kind": [],
    "detail": "docs",
    "documentation": "name",
    "deprecated": [],
    "preselect": [],
    "sortText": "10name",
    "filterText": "name: ",
    "insertText": null,
    "insertTextFormat": [
      1
    ],
    "textEdit": {
      "range": {
        "start": {
          "line": 5,
          "character": 10
        },
        "end": {
          "line": 5,
          "character": 10
        }
      },
      "newText": "name: "
    },
    "additionalTextEdits": null,
    "commitCharacters": null,
    "command": null
  }
]