[
  {
    "label": "contact",
    "kind": [],
    "detail": "docs",
    "documentation": "contact",
    "deprecated": [],
    "preselect": [],
    "sortText": "11contact",
    "filterText": "\"contact\": {\n      \"$1\"\n    }",
    "insertText": null,
    "insertTextFormat": [
      2
    ],
    "textEdit": {
      "range": {
        "start": {
          "line": 3,
          "character": 4
        },
        "end": {
          "line": 3,
          "character": 6
        }
      },
      "newText": "\"contact\": {\n      \"$1\"\n    }"
    },
    "additionalTextEdits": null,
    "commitCharacters": null,
    "command": null
  },
  {
    "label": "description",
    "kind": [],
    "detail": "docs",
    "documentation": "description",
    "deprecated": [],
    "preselect": [],
    "sortText": "11description",
    "filterText": "\"description\": \"$1\"",
    "insertText": null,
    "insertTextFormat": [
      2
    ],
    "textEdit": {
      "range": {
        "start": {
          "line": 3,
          "character": 4
        },
        "end": {
          "line": 3,
          "character": 6
        }
      },
      "newText": "\"description\": \"$1\""
    },
    "additionalTextEdits": null,
    "commitCharacters": null,
    "command": null
  },
  {
    "label": "license",
    "kind": [],
    "detail": "docs",
    "documentation": "license",
    "deprecated": [],
    "preselect": [],
    "sortText": "11license",
    "filterText": "\"license\": {\n      \"$1\"\n    }",
    "insertText": null,
    "insertTextFormat": [
      2
    ],
    "textEdit": {
      "range": {
        "start": {
          "line": 3,
          "character": 4
        },
        "end": {
          "line": 3,
          "character": 6
        }
      },
      "newText": "\"license\": {\n      \"$1\"\n    }"
    },
    "additionalTextEdits": null,
    "commitCharacters": null,
    "command": null
  },
  {
    "label": "termsOfService",
    "kind": [],
    "detail": "docs",
    "documentation": "termsOfService",
    "deprecated": [],
    "preselect": [],
    "sortText": "11termsOfService",
    "filterText": "\"termsOfService\": \"$1\"",
    "insertText": null,
    "insertTextFormat": [
      2
    ],
    "textEdit": {
      "range": {
        "start": {
          "line": 3,
          "character": 4
        },
        "end": {
          "line": 3,
          "character": 6
        }
      },
      "newText": "\"termsOfService\": \"$1\""
    },
    "additionalTextEdits": null,
    "commitCharacters": null,
    "command": null
  },
  {
    "label": "title",
    "kind": [],
    "detail": "docs",
    "documentation": "title",
    "deprecated": [],
    "preselect": [],
    "sortText": "10title",
    "filterText": "\"title\": \"$1\"",
    "insertText": null,
    "insertTextFormat": [
      2
    ],
    "textEdit": {
      "range": {
        "start": {
          "line": 3,
          "character": 4
        },
        "end": {
          "line": 3,
          "character": 6
        }
      },
      "newText": "\"title\": \"$1\""
    },
    "additionalTextEdits": null,
    "commitCharacters": null,
    "command": null
  },
  {
    "label": "version",
    "kind": [],
    "detail": "docs",
    "documentation": "version",
    "deprecated": [],
    "preselect": [],
    "sortText": "10version",
    "filterText": "\"version\": \"$1\"",
    "insertText": null,
    "insertTextFormat": [
      2
    ],
    "textEdit": {
      "range": {
        "start": {
          "line": 3,
          "character": 4
        },
        "end": {
          "line": 3,
          "character": 6
        }
      },
      "newText": "\"version\": \"$1\""
    },
    "additionalTextEdits": null,
    "commitCharacters": null,
    "command": null
  }
]