[
  {
    "label": "aliases",
    "kind": [
      
    ],
    "detail": "unknown",
    "documentation": "aliases",
    "deprecated": [
      
    ],
    "preselect": [
      
    ],
    "sortText": "11aliases",
    "filterText": "\"aliases\": [\n  \"$1\"\n]",
    "insertText": null,
    "insertTextFormat": [
      2
    ],
    "textEdit": {
      "range": {
        "start": {
          "line": 3,
          "character": 8
        },
        "end": {
          "line": 3,
          "character": 10
        }
      },
      "newText": "\"aliases\": [\n  \"$1\"\n]"
    },
    "additionalTextEdits": null,
    "commitCharacters": null,
    "command": null
  },
  {
    "label": "default",
    "kind": [
      
    ],
    "detail": "parameters",
    "documentation": "default",
    "deprecated": [
      
    ],
    "preselect": [
      
    ],
    "sortText": "11default",
    "filterText": "\"default\": \"$1\"",
    "insertText": null,
    "insertTextFormat": [
      2
    ],
    "textEdit": {
      "range": {
        "start": {
          "line": 3,
          "character": 8
        },
        "end": {
          "line": 3,
          "character": 10
        }
      },
      "newText": "\"default\": \"$1\""
    },
    "additionalTextEdits": null,
    "commitCharacters": null,
    "command": null
  },
  {
    "label": "doc",
    "kind": [
      
    ],
    "detail": "unknown",
    "documentation": "doc",
    "deprecated": [
      
    ],
    "preselect": [
      
    ],
    "sortText": "11doc",
    "filterText": "\"doc\": \"$1\"",
    "insertText": null,
    "insertTextFormat": [
      2
    ],
    "textEdit": {
      "range": {
        "start": {
          "line": 3,
          "character": 8
        },
        "end": {
          "line": 3,
          "character": 10
        }
      },
      "newText": "\"doc\": \"$1\""
    },
    "additionalTextEdits": null,
    "commitCharacters": null,
    "command": null
  },
  {
    "label": "fields",
    "kind": [
      
    ],
    "detail": "unknown",
    "documentation": "fields",
    "deprecated": [
      
    ],
    "preselect": [
      
    ],
    "sortText": "11fields",
    "filterText": "\"fields\": {\n  \"$1\"\n}",
    "insertText": null,
    "insertTextFormat": [
      2
    ],
    "textEdit": {
      "range": {
        "start": {
          "line": 3,
          "character": 8
        },
        "end": {
          "line": 3,
          "character": 10
        }
      },
      "newText": "\"fields\": {\n  \"$1\"\n}"
    },
    "additionalTextEdits": null,
    "commitCharacters": null,
    "command": null
  },
  {
    "label": "logicalType",
    "kind": [
      
    ],
    "detail": "unknown",
    "documentation": "logicalType",
    "deprecated": [
      
    ],
    "preselect": [
      
    ],
    "sortText": "11logicalType",
    "filterText": "\"logicalType\": \"$1\"",
    "insertText": null,
    "insertTextFormat": [
      2
    ],
    "textEdit": {
      "range": {
        "start": {
          "line": 3,
          "character": 8
        },
        "end": {
          "line": 3,
          "character": 10
        }
      },
      "newText": "\"logicalType\": \"$1\""
    },
    "additionalTextEdits": null,
    "commitCharacters": null,
    "command": null
  },
  {
    "label": "namespace",
    "kind": [
      
    ],
    "detail": "unknown",
    "documentation": "namespace",
    "deprecated": [
      
    ],
    "preselect": [
      
    ],
    "sortText": "11namespace",
    "filterText": "\"namespace\": \"$1\"",
    "insertText": null,
    "insertTextFormat": [
      2
    ],
    "textEdit": {
      "range": {
        "start": {
          "line": 3,
          "character": 8
        },
        "end": {
          "line": 3,
          "character": 10
        }
      },
      "newText": "\"namespace\": \"$1\""
    },
    "additionalTextEdits": null,
    "commitCharacters": null,
    "command": null
  },
  {
    "label": "type",
    "kind": [
      
    ],
    "detail": "schemas",
    "documentation": "type",
    "deprecated": [
      
    ],
    "preselect": [
      
    ],
    "sortText": "10type",
    "filterText": "\"type\": \"$1\"",
    "insertText": null,
    "insertTextFormat": [
      2
    ],
    "textEdit": {
      "range": {
        "start": {
          "line": 3,
          "character": 8
        },
        "end": {
          "line": 3,
          "character": 10
        }
      },
      "newText": "\"type\": \"$1\""
    },
    "additionalTextEdits": null,
    "commitCharacters": null,
    "command": null
  }
]