[
  {
    "label": "(myAnnotation)",
    "kind": [],
    "detail": "annotations",
    "documentation": "(myAnnotation)",
    "deprecated": [],
    "preselect": [],
    "sortText": "21(myAnnotation)",
    "filterText": "(myAnnotation): ",
    "insertText": null,
    "insertTextFormat": [
      1
    ],
    "textEdit": {
      "range": {
        "start": {
          "line": 8,
          "character": 8
        },
        "end": {
          "line": 8,
          "character": 8
        }
      },
      "newText": "(myAnnotation): "
    },
    "additionalTextEdits": null,
    "commitCharacters": null,
    "command": null
  },
  {
    "label": "body",
    "kind": [],
    "detail": "responses",
    "documentation": "body",
    "deprecated": [],
    "preselect": [],
    "sortText": "11body",
    "filterText": "body:\n          ",
    "insertText": null,
    "insertTextFormat": [
      1
    ],
    "textEdit": {
      "range": {
        "start": {
          "line": 8,
          "character": 8
        },
        "end": {
          "line": 8,
          "character": 8
        }
      },
      "newText": "body:\n          "
    },
    "additionalTextEdits": null,
    "commitCharacters": null,
    "command": null
  },
  {
    "label": "description",
    "kind": [],
    "detail": "docs",
    "documentation": "description",
    "deprecated": [],
    "preselect": [],
    "sortText": "11description",
    "filterText": "description: ",
    "insertText": null,
    "insertTextFormat": [
      1
    ],
    "textEdit": {
      "range": {
        "start": {
          "line": 8,
          "character": 8
        },
        "end": {
          "line": 8,
          "character": 8
        }
      },
      "newText": "description: "
    },
    "additionalTextEdits": null,
    "commitCharacters": null,
    "command": null
  },
  {
    "label": "headers",
    "kind": [],
    "detail": "parameters",
    "documentation": "headers",
    "deprecated": [],
    "preselect": [],
    "sortText": "11headers",
    "filterText": "headers:\n          ",
    "insertText": null,
    "insertTextFormat": [
      1
    ],
    "textEdit": {
      "range": {
        "start": {
          "line": 8,
          "character": 8
        },
        "end": {
          "line": 8,
          "character": 8
        }
      },
      "newText": "headers:\n          "
    },
    "additionalTextEdits": null,
    "commitCharacters": null,
    "command": null
  }
]