[
  {
    "label": "(myAnnotation)",
    "kind": [],
    "detail": "annotations",
    "documentation": "(myAnnotation)",
    "deprecated": [],
    "preselect": [],
    "sortText": null,
    "filterText": null,
    "insertText": null,
    "insertTextFormat": [
      2
    ],
    "textEdit": {
      "range": {
        "start": {
          "line": 4,
          "character": 0
        },
        "end": {
          "line": 4,
          "character": 0
        }
      },
      "newText": "(myAnnotation): "
    },
    "additionalTextEdits": null,
    "commitCharacters": null,
    "command": null
  },
  {
    "label": "baseUri",
    "kind": [],
    "detail": "root",
    "documentation": "baseUri",
    "deprecated": [],
    "preselect": [],
    "sortText": null,
    "filterText": null,
    "insertText": null,
    "insertTextFormat": [
      2
    ],
    "textEdit": {
      "range": {
        "start": {
          "line": 4,
          "character": 0
        },
        "end": {
          "line": 4,
          "character": 0
        }
      },
      "newText": "baseUri: "
    },
    "additionalTextEdits": null,
    "commitCharacters": null,
    "command": null
  },
  {
    "label": "baseUriParameters",
    "kind": [],
    "detail": "parameters",
    "documentation": "baseUriParameters",
    "deprecated": [],
    "preselect": [],
    "sortText": null,
    "filterText": null,
    "insertText": null,
    "insertTextFormat": [
      2
    ],
    "textEdit": {
      "range": {
        "start": {
          "line": 4,
          "character": 0
        },
        "end": {
          "line": 4,
          "character": 0
        }
      },
      "newText": "baseUriParameters:\n  "
    },
    "additionalTextEdits": null,
    "commitCharacters": null,
    "command": null
  },
  {
    "label": "description",
    "kind": [],
    "detail": "docs",
    "documentation": "description",
    "deprecated": [],
    "preselect": [],
    "sortText": null,
    "filterText": null,
    "insertText": null,
    "insertTextFormat": [
      2
    ],
    "textEdit": {
      "range": {
        "start": {
          "line": 4,
          "character": 0
        },
        "end": {
          "line": 4,
          "character": 0
        }
      },
      "newText": "description: "
    },
    "additionalTextEdits": null,
    "commitCharacters": null,
    "command": null
  },
  {
    "label": "documentation",
    "kind": [],
    "detail": "docs",
    "documentation": "documentation",
    "deprecated": [],
    "preselect": [],
    "sortText": null,
    "filterText": null,
    "insertText": null,
    "insertTextFormat": [
      2
    ],
    "textEdit": {
      "range": {
        "start": {
          "line": 4,
          "character": 0
        },
        "end": {
          "line": 4,
          "character": 0
        }
      },
      "newText": "documentation:\n  - "
    },
    "additionalTextEdits": null,
    "commitCharacters": null,
    "command": null
  },
  {
    "label": "mediaType",
    "kind": [],
    "detail": "root",
    "documentation": "mediaType",
    "deprecated": [],
    "preselect": [],
    "sortText": null,
    "filterText": null,
    "insertText": null,
    "insertTextFormat": [
      2
    ],
    "textEdit": {
      "range": {
        "start": {
          "line": 4,
          "character": 0
        },
        "end": {
          "line": 4,
          "character": 0
        }
      },
      "newText": "mediaType: "
    },
    "additionalTextEdits": null,
    "commitCharacters": null,
    "command": null
  },
  {
    "label": "protocols",
    "kind": [],
    "detail": "root",
    "documentation": "protocols",
    "deprecated": [],
    "preselect": [],
    "sortText": null,
    "filterText": null,
    "insertText": null,
    "insertTextFormat": [
      2
    ],
    "textEdit": {
      "range": {
        "start": {
          "line": 4,
          "character": 0
        },
        "end": {
          "line": 4,
          "character": 0
        }
      },
      "newText": "protocols: "
    },
    "additionalTextEdits": null,
    "commitCharacters": null,
    "command": null
  },
  {
    "label": "resourceTypes",
    "kind": [],
    "detail": "types and traits",
    "documentation": "resourceTypes",
    "deprecated": [],
    "preselect": [],
    "sortText": null,
    "filterText": null,
    "insertText": null,
    "insertTextFormat": [
      2
    ],
    "textEdit": {
      "range": {
        "start": {
          "line": 4,
          "character": 0
        },
        "end": {
          "line": 4,
          "character": 0
        }
      },
      "newText": "resourceTypes:\n  "
    },
    "additionalTextEdits": null,
    "commitCharacters": null,
    "command": null
  },
  {
    "label": "securedBy",
    "kind": [],
    "detail": "security",
    "documentation": "securedBy",
    "deprecated": [],
    "preselect": [],
    "sortText": null,
    "filterText": null,
    "insertText": null,
    "insertTextFormat": [
      2
    ],
    "textEdit": {
      "range": {
        "start": {
          "line": 4,
          "character": 0
        },
        "end": {
          "line": 4,
          "character": 0
        }
      },
      "newText": "securedBy:\n  - "
    },
    "additionalTextEdits": null,
    "commitCharacters": null,
    "command": null
  },
  {
    "label": "securitySchemes",
    "kind": [],
    "detail": "security",
    "documentation": "securitySchemes",
    "deprecated": [],
    "preselect": [],
    "sortText": null,
    "filterText": null,
    "insertText": null,
    "insertTextFormat": [
      2
    ],
    "textEdit": {
      "range": {
        "start": {
          "line": 4,
          "character": 0
        },
        "end": {
          "line": 4,
          "character": 0
        }
      },
      "newText": "securitySchemes:\n  "
    },
    "additionalTextEdits": null,
    "commitCharacters": null,
    "command": null
  },
  {
    "label": "title",
    "kind": [],
    "detail": "root",
    "documentation": "title",
    "deprecated": [],
    "preselect": [],
    "sortText": null,
    "filterText": null,
    "insertText": null,
    "insertTextFormat": [
      2
    ],
    "textEdit": {
      "range": {
        "start": {
          "line": 4,
          "character": 0
        },
        "end": {
          "line": 4,
          "character": 0
        }
      },
      "newText": "title: "
    },
    "additionalTextEdits": null,
    "commitCharacters": null,
    "command": null
  },
  {
    "label": "traits",
    "kind": [],
    "detail": "types and traits",
    "documentation": "traits",
    "deprecated": [],
    "preselect": [],
    "sortText": null,
    "filterText": null,
    "insertText": null,
    "insertTextFormat": [
      2
    ],
    "textEdit": {
      "range": {
        "start": {
          "line": 4,
          "character": 0
        },
        "end": {
          "line": 4,
          "character": 0
        }
      },
      "newText": "traits:\n  "
    },
    "additionalTextEdits": null,
    "commitCharacters": null,
    "command": null
  },
  {
    "label": "types",
    "kind": [],
    "detail": "types and traits",
    "documentation": "types",
    "deprecated": [],
    "preselect": [],
    "sortText": null,
    "filterText": null,
    "insertText": null,
    "insertTextFormat": [
      2
    ],
    "textEdit": {
      "range": {
        "start": {
          "line": 4,
          "character": 0
        },
        "end": {
          "line": 4,
          "character": 0
        }
      },
      "newText": "types:\n  "
    },
    "additionalTextEdits": null,
    "commitCharacters": null,
    "command": null
  },
  {
    "label": "uses",
    "kind": [],
    "detail": "unknown",
    "documentation": "uses",
    "deprecated": [],
    "preselect": [],
    "sortText": null,
    "filterText": null,
    "insertText": null,
    "insertTextFormat": [
      2
    ],
    "textEdit": {
      "range": {
        "start": {
          "line": 4,
          "character": 0
        },
        "end": {
          "line": 4,
          "character": 0
        }
      },
      "newText": "uses:\n  "
    },
    "additionalTextEdits": null,
    "commitCharacters": null,
    "command": null
  },
  {
    "label": "version",
    "kind": [],
    "detail": "root",
    "documentation": "version",
    "deprecated": [],
    "preselect": [],
    "sortText": null,
    "filterText": null,
    "insertText": null,
    "insertTextFormat": [
      2
    ],
    "textEdit": {
      "range": {
        "start": {
          "line": 4,
          "character": 0
        },
        "end": {
          "line": 4,
          "character": 0
        }
      },
      "newText": "version: "
    },
    "additionalTextEdits": null,
    "commitCharacters": null,
    "command": null
  }
]