[
  {
    "label": "New element",
    "kind": [],
    "detail": "template",
    "documentation": "",
    "deprecated": [],
    "preselect": [],
    "sortText": "20New element",
    "filterText": "$1:\n  url: $2\n  protocol: $3\n  protocolVersion: $4",
    "insertText": null,
    "insertTextFormat": [
      2
    ],
    "textEdit": {
      "range": {
        "start": {
          "line": 2,
          "character": 2
        },
        "end": {
          "line": 2,
          "character": 2
        }
      },
      "newText": "$1:\n  url: $2\n  protocol: $3\n  protocolVersion: $4"
    },
    "additionalTextEdits": null,
    "commitCharacters": null,
    "command": null
  }
]