[
  {
    "label": "cleanupPolicy",
    "kind": [
      
    ],
    "detail": "unknown",
    "documentation": "cleanupPolicy",
    "deprecated": [
      
    ],
    "preselect": [
      
    ],
    "sortText": "11cleanupPolicy",
    "filterText": "cleanupPolicy:\n  - ",
    "insertText": null,
    "insertTextFormat": [
      1
    ],
    "textEdit": {
      "range": {
        "start": {
          "line": 8,
          "character": 10
        },
        "end": {
          "line": 8,
          "character": 10
        }
      },
      "newText": "cleanupPolicy:\n  - "
    },
    "additionalTextEdits": null,
    "commitCharacters": null,
    "command": null
  },
  {
    "label": "deleteRetentionMs",
    "kind": [
      
    ],
    "detail": "unknown",
    "documentation": "deleteRetentionMs",
    "deprecated": [
      
    ],
    "preselect": [
      
    ],
    "sortText": "11deleteRetentionMs",
    "filterText": "deleteRetentionMs: ",
    "insertText": null,
    "insertTextFormat": [
      1
    ],
    "textEdit": {
      "range": {
        "start": {
          "line": 8,
          "character": 10
        },
        "end": {
          "line": 8,
          "character": 10
        }
      },
      "newText": "deleteRetentionMs: "
    },
    "additionalTextEdits": null,
    "commitCharacters": null,
    "command": null
  },
  {
    "label": "maxMessageBytes",
    "kind": [
      
    ],
    "detail": "unknown",
    "documentation": "maxMessageBytes",
    "deprecated": [
      
    ],
    "preselect": [
      
    ],
    "sortText": "11maxMessageBytes",
    "filterText": "maxMessageBytes: ",
    "insertText": null,
    "insertTextFormat": [
      1
    ],
    "textEdit": {
      "range": {
        "start": {
          "line": 8,
          "character": 10
        },
        "end": {
          "line": 8,
          "character": 10
        }
      },
      "newText": "maxMessageBytes: "
    },
    "additionalTextEdits": null,
    "commitCharacters": null,
    "command": null
  },
  {
    "label": "retentionBytes",
    "kind": [
      
    ],
    "detail": "unknown",
    "documentation": "retentionBytes",
    "deprecated": [
      
    ],
    "preselect": [
      
    ],
    "sortText": "11retentionBytes",
    "filterText": "retentionBytes: ",
    "insertText": null,
    "insertTextFormat": [
      1
    ],
    "textEdit": {
      "range": {
        "start": {
          "line": 8,
          "character": 10
        },
        "end": {
          "line": 8,
          "character": 10
        }
      },
      "newText": "retentionBytes: "
    },
    "additionalTextEdits": null,
    "commitCharacters": null,
    "command": null
  },
  {
    "label": "retentionMs",
    "kind": [
      
    ],
    "detail": "unknown",
    "documentation": "retentionMs",
    "deprecated": [
      
    ],
    "preselect": [
      
    ],
    "sortText": "11retentionMs",
    "filterText": "retentionMs: ",
    "insertText": null,
    "insertTextFormat": [
      1
    ],
    "textEdit": {
      "range": {
        "start": {
          "line": 8,
          "character": 10
        },
        "end": {
          "line": 8,
          "character": 10
        }
      },
      "newText": "retentionMs: "
    },
    "additionalTextEdits": null,
    "commitCharacters": null,
    "command": null
  }
]