[
  {
    "text": "param1: ",
    "description": "param1",
    "displayText": "param1",
    "prefix": "",
    "category": "parameters",
    "range": [
      {
        "start": {
          "line": 12,
          "character": 8
        },
        "end": {
          "line": 12,
          "character": 8
        }
      }
    ]
  },
  {
    "text": "param2: ",
    "description": "param2",
    "displayText": "param2",
    "prefix": "",
    "category": "parameters",
    "range": [
      {
        "start": {
          "line": 12,
          "character": 8
        },
        "end": {
          "line": 12,
          "character": 8
        }
      }
    ]
  }
]