[
  {
    "label": "$ref",
    "kind": [],
    "detail": "unknown",
    "documentation": "reference tag",
    "deprecated": [],
    "preselect": [],
    "sortText": "0$ref",
    "filterText": "$ref: ",
    "insertText": null,
    "insertTextFormat": [
      1
    ],
    "textEdit": {
      "range": {
        "start": {
          "line": 9,
          "character": 14
        },
        "end": {
          "line": 9,
          "character": 14
        }
      },
      "newText": "$ref: "
    },
    "additionalTextEdits": null,
    "commitCharacters": null,
    "command": null
  },
  {
    "label": "collectionFormat",
    "kind": [],
    "detail": "unknown",
    "documentation": "collectionFormat",
    "deprecated": [],
    "preselect": [],
    "sortText": "11collectionFormat",
    "filterText": "collectionFormat: ",
    "insertText": null,
    "insertTextFormat": [
      1
    ],
    "textEdit": {
      "range": {
        "start": {
          "line": 9,
          "character": 14
        },
        "end": {
          "line": 9,
          "character": 14
        }
      },
      "newText": "collectionFormat: "
    },
    "additionalTextEdits": null,
    "commitCharacters": null,
    "command": null
  },
  {
    "label": "default",
    "kind": [],
    "detail": "parameters",
    "documentation": "default",
    "deprecated": [],
    "preselect": [],
    "sortText": "11default",
    "filterText": "default: ",
    "insertText": null,
    "insertTextFormat": [
      1
    ],
    "textEdit": {
      "range": {
        "start": {
          "line": 9,
          "character": 14
        },
        "end": {
          "line": 9,
          "character": 14
        }
      },
      "newText": "default: "
    },
    "additionalTextEdits": null,
    "commitCharacters": null,
    "command": null
  },
  {
    "label": "description",
    "kind": [],
    "detail": "docs",
    "documentation": "description",
    "deprecated": [],
    "preselect": [],
    "sortText": "10description",
    "filterText": "description: ",
    "insertText": null,
    "insertTextFormat": [
      1
    ],
    "textEdit": {
      "range": {
        "start": {
          "line": 9,
          "character": 14
        },
        "end": {
          "line": 9,
          "character": 14
        }
      },
      "newText": "description: "
    },
    "additionalTextEdits": null,
    "commitCharacters": null,
    "command": null
  },
  {
    "label": "enum",
    "kind": [],
    "detail": "parameters",
    "documentation": "enum",
    "deprecated": [],
    "preselect": [],
    "sortText": "11enum",
    "filterText": "enum: ",
    "insertText": null,
    "insertTextFormat": [
      1
    ],
    "textEdit": {
      "range": {
        "start": {
          "line": 9,
          "character": 14
        },
        "end": {
          "line": 9,
          "character": 14
        }
      },
      "newText": "enum: "
    },
    "additionalTextEdits": null,
    "commitCharacters": null,
    "command": null
  },
  {
    "label": "exclusiveMaximum",
    "kind": [],
    "detail": "unknown",
    "documentation": "exclusiveMaximum",
    "deprecated": [],
    "preselect": [],
    "sortText": "11exclusiveMaximum",
    "filterText": "exclusiveMaximum: ",
    "insertText": null,
    "insertTextFormat": [
      1
    ],
    "textEdit": {
      "range": {
        "start": {
          "line": 9,
          "character": 14
        },
        "end": {
          "line": 9,
          "character": 14
        }
      },
      "newText": "exclusiveMaximum: "
    },
    "additionalTextEdits": null,
    "commitCharacters": null,
    "command": null
  },
  {
    "label": "exclusiveMinimum",
    "kind": [],
    "detail": "unknown",
    "documentation": "exclusiveMinimum",
    "deprecated": [],
    "preselect": [],
    "sortText": "11exclusiveMinimum",
    "filterText": "exclusiveMinimum: ",
    "insertText": null,
    "insertTextFormat": [
      1
    ],
    "textEdit": {
      "range": {
        "start": {
          "line": 9,
          "character": 14
        },
        "end": {
          "line": 9,
          "character": 14
        }
      },
      "newText": "exclusiveMinimum: "
    },
    "additionalTextEdits": null,
    "commitCharacters": null,
    "command": null
  },
  {
    "label": "format",
    "kind": [],
    "detail": "parameters",
    "documentation": "format",
    "deprecated": [],
    "preselect": [],
    "sortText": "11format",
    "filterText": "format: ",
    "insertText": null,
    "insertTextFormat": [
      1
    ],
    "textEdit": {
      "range": {
        "start": {
          "line": 9,
          "character": 14
        },
        "end": {
          "line": 9,
          "character": 14
        }
      },
      "newText": "format: "
    },
    "additionalTextEdits": null,
    "commitCharacters": null,
    "command": null
  },
  {
    "label": "in",
    "kind": [],
    "detail": "parameters",
    "documentation": "in",
    "deprecated": [],
    "preselect": [],
    "sortText": "10in",
    "filterText": "in: ",
    "insertText": null,
    "insertTextFormat": [
      1
    ],
    "textEdit": {
      "range": {
        "start": {
          "line": 9,
          "character": 14
        },
        "end": {
          "line": 9,
          "character": 14
        }
      },
      "newText": "in: "
    },
    "additionalTextEdits": null,
    "commitCharacters": null,
    "command": null
  },
  {
    "label": "items",
    "kind": [],
    "detail": "schemas",
    "documentation": "items",
    "deprecated": [],
    "preselect": [],
    "sortText": "11items",
    "filterText": "items:\n  ",
    "insertText": null,
    "insertTextFormat": [
      1
    ],
    "textEdit": {
      "range": {
        "start": {
          "line": 9,
          "character": 14
        },
        "end": {
          "line": 9,
          "character": 14
        }
      },
      "newText": "items:\n  "
    },
    "additionalTextEdits": null,
    "commitCharacters": null,
    "command": null
  },
  {
    "label": "maxItems",
    "kind": [],
    "detail": "unknown",
    "documentation": "maxItems",
    "deprecated": [],
    "preselect": [],
    "sortText": "11maxItems",
    "filterText": "maxItems: ",
    "insertText": null,
    "insertTextFormat": [
      1
    ],
    "textEdit": {
      "range": {
        "start": {
          "line": 9,
          "character": 14
        },
        "end": {
          "line": 9,
          "character": 14
        }
      },
      "newText": "maxItems: "
    },
    "additionalTextEdits": null,
    "commitCharacters": null,
    "command": null
  },
  {
    "label": "maxLength",
    "kind": [],
    "detail": "parameters",
    "documentation": "maxLength",
    "deprecated": [],
    "preselect": [],
    "sortText": "11maxLength",
    "filterText": "maxLength: ",
    "insertText": null,
    "insertTextFormat": [
      1
    ],
    "textEdit": {
      "range": {
        "start": {
          "line": 9,
          "character": 14
        },
        "end": {
          "line": 9,
          "character": 14
        }
      },
      "newText": "maxLength: "
    },
    "additionalTextEdits": null,
    "commitCharacters": null,
    "command": null
  },
  {
    "label": "maximum",
    "kind": [],
    "detail": "unknown",
    "documentation": "maximum",
    "deprecated": [],
    "preselect": [],
    "sortText": "11maximum",
    "filterText": "maximum: ",
    "insertText": null,
    "insertTextFormat": [
      1
    ],
    "textEdit": {
      "range": {
        "start": {
          "line": 9,
          "character": 14
        },
        "end": {
          "line": 9,
          "character": 14
        }
      },
      "newText": "maximum: "
    },
    "additionalTextEdits": null,
    "commitCharacters": null,
    "command": null
  },
  {
    "label": "minItems",
    "kind": [],
    "detail": "unknown",
    "documentation": "minItems",
    "deprecated": [],
    "preselect": [],
    "sortText": "11minItems",
    "filterText": "minItems: ",
    "insertText": null,
    "insertTextFormat": [
      1
    ],
    "textEdit": {
      "range": {
        "start": {
          "line": 9,
          "character": 14
        },
        "end": {
          "line": 9,
          "character": 14
        }
      },
      "newText": "minItems: "
    },
    "additionalTextEdits": null,
    "commitCharacters": null,
    "command": null
  },
  {
    "label": "minLength",
    "kind": [],
    "detail": "parameters",
    "documentation": "minLength",
    "deprecated": [],
    "preselect": [],
    "sortText": "11minLength",
    "filterText": "minLength: ",
    "insertText": null,
    "insertTextFormat": [
      1
    ],
    "textEdit": {
      "range": {
        "start": {
          "line": 9,
          "character": 14
        },
        "end": {
          "line": 9,
          "character": 14
        }
      },
      "newText": "minLength: "
    },
    "additionalTextEdits": null,
    "commitCharacters": null,
    "command": null
  },
  {
    "label": "minimum",
    "kind": [],
    "detail": "unknown",
    "documentation": "minimum",
    "deprecated": [],
    "preselect": [],
    "sortText": "11minimum",
    "filterText": "minimum: ",
    "insertText": null,
    "insertTextFormat": [
      1
    ],
    "textEdit": {
      "range": {
        "start": {
          "line": 9,
          "character": 14
        },
        "end": {
          "line": 9,
          "character": 14
        }
      },
      "newText": "minimum: "
    },
    "additionalTextEdits": null,
    "commitCharacters": null,
    "command": null
  },
  {
    "label": "multipleOf",
    "kind": [],
    "detail": "unknown",
    "documentation": "multipleOf",
    "deprecated": [],
    "preselect": [],
    "sortText": "11multipleOf",
    "filterText": "multipleOf: ",
    "insertText": null,
    "insertTextFormat": [
      1
    ],
    "textEdit": {
      "range": {
        "start": {
          "line": 9,
          "character": 14
        },
        "end": {
          "line": 9,
          "character": 14
        }
      },
      "newText": "multipleOf: "
    },
    "additionalTextEdits": null,
    "commitCharacters": null,
    "command": null
  },
  {
    "label": "name",
    "kind": [],
    "detail": "docs",
    "documentation": "name",
    "deprecated": [],
    "preselect": [],
    "sortText": "10name",
    "filterText": "name: ",
    "insertText": null,
    "insertTextFormat": [
      1
    ],
    "textEdit": {
      "range": {
        "start": {
          "line": 9,
          "character": 14
        },
        "end": {
          "line": 9,
          "character": 14
        }
      },
      "newText": "name: "
    },
    "additionalTextEdits": null,
    "commitCharacters": null,
    "command": null
  },
  {
    "label": "pattern",
    "kind": [],
    "detail": "parameters",
    "documentation": "pattern",
    "deprecated": [],
    "preselect": [],
    "sortText": "11pattern",
    "filterText": "pattern: ",
    "insertText": null,
    "insertTextFormat": [
      1
    ],
    "textEdit": {
      "range": {
        "start": {
          "line": 9,
          "character": 14
        },
        "end": {
          "line": 9,
          "character": 14
        }
      },
      "newText": "pattern: "
    },
    "additionalTextEdits": null,
    "commitCharacters": null,
    "command": null
  },
  {
    "label": "required",
    "kind": [],
    "detail": "parameters",
    "documentation": "required",
    "deprecated": [],
    "preselect": [],
    "sortText": "10required",
    "filterText": "required: ",
    "insertText": null,
    "insertTextFormat": [
      1
    ],
    "textEdit": {
      "range": {
        "start": {
          "line": 9,
          "character": 14
        },
        "end": {
          "line": 9,
          "character": 14
        }
      },
      "newText": "required: "
    },
    "additionalTextEdits": null,
    "commitCharacters": null,
    "command": null
  },
  {
    "label": "type",
    "kind": [],
    "detail": "schemas",
    "documentation": "type",
    "deprecated": [],
    "preselect": [],
    "sortText": "10type",
    "filterText": "type: ",
    "insertText": null,
    "insertTextFormat": [
      1
    ],
    "textEdit": {
      "range": {
        "start": {
          "line": 9,
          "character": 14
        },
        "end": {
          "line": 9,
          "character": 14
        }
      },
      "newText": "type: "
    },
    "additionalTextEdits": null,
    "commitCharacters": null,
    "command": null
  },
  {
    "label": "uniqueItems",
    "kind": [],
    "detail": "unknown",
    "documentation": "uniqueItems",
    "deprecated": [],
    "preselect": [],
    "sortText": "11uniqueItems",
    "filterText": "uniqueItems: ",
    "insertText": null,
    "insertTextFormat": [
      1
    ],
    "textEdit": {
      "range": {
        "start": {
          "line": 9,
          "character": 14
        },
        "end": {
          "line": 9,
          "character": 14
        }
      },
      "newText": "uniqueItems: "
    },
    "additionalTextEdits": null,
    "commitCharacters": null,
    "command": null
  }
]