[
  {
    "label": "param",
    "kind": [],
    "detail": "unknown",
    "documentation": "param",
    "deprecated": [],
    "preselect": [],
    "sortText": "10param",
    "filterText": "\"param\"",
    "insertText": null,
    "insertTextFormat": [
      1
    ],
    "textEdit": {
      "range": {
        "start": {
          "line": 10,
          "character": 20
        },
        "end": {
          "line": 10,
          "character": 22
        }
      },
      "newText": "\"param\""
    },
    "additionalTextEdits": null,
    "commitCharacters": null,
    "command": null
  },
  {
    "label": "userId",
    "kind": [],
    "detail": "unknown",
    "documentation": "userId",
    "deprecated": [],
    "preselect": [],
    "sortText": "10userId",
    "filterText": "\"userId\"",
    "insertText": null,
    "insertTextFormat": [
      1
    ],
    "textEdit": {
      "range": {
        "start": {
          "line": 10,
          "character": 20
        },
        "end": {
          "line": 10,
          "character": 22
        }
      },
      "newText": "\"userId\""
    },
    "additionalTextEdits": null,
    "commitCharacters": null,
    "command": null
  }
]