[
  {
    "text": "(myAnnotation): ",
    "description": "(myAnnotation)",
    "displayText": "(myAnnotation)",
    "prefix": "",
    "category": "unknown",
    "range": [
      {
        "start": {
          "line": 5,
          "character": 2
        },
        "end": {
          "line": 5,
          "character": 2
        }
      }
    ]
  },
  {
    "text": "delete:\n    ",
    "description": "delete",
    "displayText": "delete",
    "prefix": "",
    "category": "unknown",
    "range": [
      {
        "start": {
          "line": 5,
          "character": 2
        },
        "end": {
          "line": 5,
          "character": 2
        }
      }
    ]
  },
  {
    "text": "description: ",
    "description": "description",
    "displayText": "description",
    "prefix": "",
    "category": "unknown",
    "range": [
      {
        "start": {
          "line": 5,
          "character": 2
        },
        "end": {
          "line": 5,
          "character": 2
        }
      }
    ]
  },
  {
    "text": "displayName: ",
    "description": "displayName",
    "displayText": "displayName",
    "prefix": "",
    "category": "unknown",
    "range": [
      {
        "start": {
          "line": 5,
          "character": 2
        },
        "end": {
          "line": 5,
          "character": 2
        }
      }
    ]
  },
  {
    "text": "get:\n    ",
    "description": "get",
    "displayText": "get",
    "prefix": "",
    "category": "unknown",
    "range": [
      {
        "start": {
          "line": 5,
          "character": 2
        },
        "end": {
          "line": 5,
          "character": 2
        }
      }
    ]
  },
  {
    "text": "head:\n    ",
    "description": "head",
    "displayText": "head",
    "prefix": "",
    "category": "unknown",
    "range": [
      {
        "start": {
          "line": 5,
          "character": 2
        },
        "end": {
          "line": 5,
          "character": 2
        }
      }
    ]
  },
  {
    "text": "is:\n    ",
    "description": "is",
    "displayText": "is",
    "prefix": "",
    "category": "unknown",
    "range": [
      {
        "start": {
          "line": 5,
          "character": 2
        },
        "end": {
          "line": 5,
          "character": 2
        }
      }
    ]
  },
  {
    "text": "options:\n    ",
    "description": "options",
    "displayText": "options",
    "prefix": "",
    "category": "unknown",
    "range": [
      {
        "start": {
          "line": 5,
          "character": 2
        },
        "end": {
          "line": 5,
          "character": 2
        }
      }
    ]
  },
  {
    "text": "patch:\n    ",
    "description": "patch",
    "displayText": "patch",
    "prefix": "",
    "category": "unknown",
    "range": [
      {
        "start": {
          "line": 5,
          "character": 2
        },
        "end": {
          "line": 5,
          "character": 2
        }
      }
    ]
  },
  {
    "text": "post:\n    ",
    "description": "post",
    "displayText": "post",
    "prefix": "",
    "category": "unknown",
    "range": [
      {
        "start": {
          "line": 5,
          "character": 2
        },
        "end": {
          "line": 5,
          "character": 2
        }
      }
    ]
  },
  {
    "text": "put:\n    ",
    "description": "put",
    "displayText": "put",
    "prefix": "",
    "category": "unknown",
    "range": [
      {
        "start": {
          "line": 5,
          "character": 2
        },
        "end": {
          "line": 5,
          "character": 2
        }
      }
    ]
  },
  {
    "text": "securedBy: ",
    "description": "securedBy",
    "displayText": "securedBy",
    "prefix": "",
    "category": "unknown",
    "range": [
      {
        "start": {
          "line": 5,
          "character": 2
        },
        "end": {
          "line": 5,
          "character": 2
        }
      }
    ]
  },
  {
    "text": "type:\n    ",
    "description": "type",
    "displayText": "type",
    "prefix": "",
    "category": "unknown",
    "range": [
      {
        "start": {
          "line": 5,
          "character": 2
        },
        "end": {
          "line": 5,
          "character": 2
        }
      }
    ]
  },
  {
    "text": "uriParameters:\n    ",
    "description": "uriParameters",
    "displayText": "uriParameters",
    "prefix": "",
    "category": "unknown",
    "range": [
      {
        "start": {
          "line": 5,
          "character": 2
        },
        "end": {
          "line": 5,
          "character": 2
        }
      }
    ]
  }
]