[
  {
    "label": "bindingVersion",
    "kind": [
      
    ],
    "detail": "unknown",
    "documentation": "bindingVersion",
    "deprecated": [
      
    ],
    "preselect": [
      
    ],
    "sortText": "11bindingVersion",
    "filterText": "bindingVersion: ",
    "insertText": null,
    "insertTextFormat": [
      1
    ],
    "textEdit": {
      "range": {
        "start": {
          "line": 6,
          "character": 10
        },
        "end": {
          "line": 6,
          "character": 10
        }
      },
      "newText": "bindingVersion: "
    },
    "additionalTextEdits": null,
    "commitCharacters": null,
    "command": null
  },
  {
    "label": "qos",
    "kind": [
      
    ],
    "detail": "unknown",
    "documentation": "qos",
    "deprecated": [
      
    ],
    "preselect": [
      
    ],
    "sortText": "11qos",
    "filterText": "qos: ",
    "insertText": null,
    "insertTextFormat": [
      1
    ],
    "textEdit": {
      "range": {
        "start": {
          "line": 6,
          "character": 10
        },
        "end": {
          "line": 6,
          "character": 10
        }
      },
      "newText": "qos: "
    },
    "additionalTextEdits": null,
    "commitCharacters": null,
    "command": null
  },
  {
    "label": "retain",
    "kind": [
      
    ],
    "detail": "unknown",
    "documentation": "retain",
    "deprecated": [
      
    ],
    "preselect": [
      
    ],
    "sortText": "11retain",
    "filterText": "retain: ",
    "insertText": null,
    "insertTextFormat": [
      1
    ],
    "textEdit": {
      "range": {
        "start": {
          "line": 6,
          "character": 10
        },
        "end": {
          "line": 6,
          "character": 10
        }
      },
      "newText": "retain: "
    },
    "additionalTextEdits": null,
    "commitCharacters": null,
    "command": null
  }
]