[
  {
    "label": "description",
    "kind": [],
    "detail": "docs",
    "documentation": "description",
    "deprecated": [],
    "preselect": [],
    "sortText": "10description",
    "filterText": null,
    "insertText": null,
    "insertTextFormat": [
      1
    ],
    "textEdit": {
      "range": {
        "start": {
          "line": 8,
          "character": 6
        },
        "end": {
          "line": 8,
          "character": 6
        }
      },
      "newText": "description: "
    },
    "additionalTextEdits": null,
    "commitCharacters": null,
    "command": null
  },
  {
    "label": "displayName",
    "kind": [],
    "detail": "docs",
    "documentation": "displayName",
    "deprecated": [],
    "preselect": [],
    "sortText": "10displayName",
    "filterText": null,
    "insertText": null,
    "insertTextFormat": [
      1
    ],
    "textEdit": {
      "range": {
        "start": {
          "line": 8,
          "character": 6
        },
        "end": {
          "line": 8,
          "character": 6
        }
      },
      "newText": "displayName: "
    },
    "additionalTextEdits": null,
    "commitCharacters": null,
    "command": null
  },
  {
    "label": "p1",
    "kind": [],
    "detail": "example",
    "documentation": "p1",
    "deprecated": [],
    "preselect": [],
    "sortText": "10p1",
    "filterText": null,
    "insertText": null,
    "insertTextFormat": [
      1
    ],
    "textEdit": {
      "range": {
        "start": {
          "line": 8,
          "character": 6
        },
        "end": {
          "line": 8,
          "character": 6
        }
      },
      "newText": "p1: "
    },
    "additionalTextEdits": null,
    "commitCharacters": null,
    "command": null
  },
  {
    "label": "p2",
    "kind": [],
    "detail": "example",
    "documentation": "p2",
    "deprecated": [],
    "preselect": [],
    "sortText": "10p2",
    "filterText": null,
    "insertText": null,
    "insertTextFormat": [
      1
    ],
    "textEdit": {
      "range": {
        "start": {
          "line": 8,
          "character": 6
        },
        "end": {
          "line": 8,
          "character": 6
        }
      },
      "newText": "p2: "
    },
    "additionalTextEdits": null,
    "commitCharacters": null,
    "command": null
  },
  {
    "label": "strict",
    "kind": [],
    "detail": "unknown",
    "documentation": "strict",
    "deprecated": [],
    "preselect": [],
    "sortText": "10strict",
    "filterText": null,
    "insertText": null,
    "insertTextFormat": [
      1
    ],
    "textEdit": {
      "range": {
        "start": {
          "line": 8,
          "character": 6
        },
        "end": {
          "line": 8,
          "character": 6
        }
      },
      "newText": "strict: "
    },
    "additionalTextEdits": null,
    "commitCharacters": null,
    "command": null
  },
  {
    "label": "value",
    "kind": [],
    "detail": "unknown",
    "documentation": "value",
    "deprecated": [],
    "preselect": [],
    "sortText": "10value",
    "filterText": null,
    "insertText": null,
    "insertTextFormat": [
      1
    ],
    "textEdit": {
      "range": {
        "start": {
          "line": 8,
          "character": 6
        },
        "end": {
          "line": 8,
          "character": 6
        }
      },
      "newText": "value: "
    },
    "additionalTextEdits": null,
    "commitCharacters": null,
    "command": null
  }
]