[
  {
    "label": "email",
    "kind": [],
    "detail": "docs",
    "documentation": "email",
    "deprecated": [],
    "preselect": [],
    "sortText": "10email",
    "filterText": "email: ",
    "insertText": null,
    "insertTextFormat": [
      1
    ],
    "textEdit": {
      "range": {
        "start": {
          "line": 3,
          "character": 4
        },
        "end": {
          "line": 3,
          "character": 4
        }
      },
      "newText": "email: "
    },
    "additionalTextEdits": null,
    "commitCharacters": null,
    "command": null
  },
  {
    "label": "name",
    "kind": [],
    "detail": "docs",
    "documentation": "name",
    "deprecated": [],
    "preselect": [],
    "sortText": "10name",
    "filterText": "name: ",
    "insertText": null,
    "insertTextFormat": [
      1
    ],
    "textEdit": {
      "range": {
        "start": {
          "line": 3,
          "character": 4
        },
        "end": {
          "line": 3,
          "character": 4
        }
      },
      "newText": "name: "
    },
    "additionalTextEdits": null,
    "commitCharacters": null,
    "command": null
  },
  {
    "label": "url",
    "kind": [],
    "detail": "docs",
    "documentation": "url",
    "deprecated": [],
    "preselect": [],
    "sortText": "10url",
    "filterText": "url: ",
    "insertText": null,
    "insertTextFormat": [
      1
    ],
    "textEdit": {
      "range": {
        "start": {
          "line": 3,
          "character": 4
        },
        "end": {
          "line": 3,
          "character": 4
        }
      },
      "newText": "url: "
    },
    "additionalTextEdits": null,
    "commitCharacters": null,
    "command": null
  }
]