[
  {
    "text": "default: ",
    "description": "default",
    "displayText": "default",
    "prefix": "",
    "category": "unknown",
    "range": [
      {
        "start": {
          "line": 5,
          "character": 6
        },
        "end": {
          "line": 5,
          "character": 6
        }
      }
    ]
  },
  {
    "text": "description: ",
    "description": "description",
    "displayText": "description",
    "prefix": "",
    "category": "unknown",
    "range": [
      {
        "start": {
          "line": 5,
          "character": 6
        },
        "end": {
          "line": 5,
          "character": 6
        }
      }
    ]
  },
  {
    "text": "displayName: ",
    "description": "displayName",
    "displayText": "displayName",
    "prefix": "",
    "category": "unknown",
    "range": [
      {
        "start": {
          "line": 5,
          "character": 6
        },
        "end": {
          "line": 5,
          "character": 6
        }
      }
    ]
  },
  {
    "text": "enum:\n        ",
    "description": "enum",
    "displayText": "enum",
    "prefix": "",
    "category": "unknown",
    "range": [
      {
        "start": {
          "line": 5,
          "character": 6
        },
        "end": {
          "line": 5,
          "character": 6
        }
      }
    ]
  },
  {
    "text": "example: ",
    "description": "example",
    "displayText": "example",
    "prefix": "",
    "category": "unknown",
    "range": [
      {
        "start": {
          "line": 5,
          "character": 6
        },
        "end": {
          "line": 5,
          "character": 6
        }
      }
    ]
  },
  {
    "text": "examples:\n        ",
    "description": "examples",
    "displayText": "examples",
    "prefix": "",
    "category": "unknown",
    "range": [
      {
        "start": {
          "line": 5,
          "character": 6
        },
        "end": {
          "line": 5,
          "character": 6
        }
      }
    ]
  },
  {
    "text": "facets:\n        ",
    "description": "facets",
    "displayText": "facets",
    "prefix": "",
    "category": "unknown",
    "range": [
      {
        "start": {
          "line": 5,
          "character": 6
        },
        "end": {
          "line": 5,
          "character": 6
        }
      }
    ]
  },
  {
    "text": "type: ",
    "description": "type",
    "displayText": "type",
    "prefix": "",
    "category": "unknown",
    "range": [
      {
        "start": {
          "line": 5,
          "character": 6
        },
        "end": {
          "line": 5,
          "character": 6
        }
      }
    ]
  },
  {
    "text": "xml:\n        ",
    "description": "xml",
    "displayText": "xml",
    "prefix": "",
    "category": "unknown",
    "range": [
      {
        "start": {
          "line": 5,
          "character": 6
        },
        "end": {
          "line": 5,
          "character": 6
        }
      }
    ]
  },
  {
    "text": "application/json: ",
    "description": "application/json",
    "displayText": "application/json",
    "prefix": "",
    "category": "unknown",
    "range": [
      {
        "start": {
          "line": 5,
          "character": 6
        },
        "end": {
          "line": 5,
          "character": 6
        }
      }
    ]
  },
  {
    "text": "application/xml: ",
    "description": "application/xml",
    "displayText": "application/xml",
    "prefix": "",
    "category": "unknown",
    "range": [
      {
        "start": {
          "line": 5,
          "character": 6
        },
        "end": {
          "line": 5,
          "character": 6
        }
      }
    ]
  }
]