[
  {
    "label": "bindingVersion",
    "kind": [],
    "detail": "unknown",
    "documentation": "bindingVersion",
    "deprecated": [],
    "preselect": [],
    "sortText": "11bindingVersion",
    "filterText": "bindingVersion: ",
    "insertText": null,
    "insertTextFormat": [
      1
    ],
    "textEdit": {
      "range": {
        "start": {
          "line": 7,
          "character": 12
        },
        "end": {
          "line": 7,
          "character": 12
        }
      },
      "newText": "bindingVersion: "
    },
    "additionalTextEdits": null,
    "commitCharacters": null,
    "command": null
  },
  {
    "label": "key",
    "kind": [],
    "detail": "unknown",
    "documentation": "key",
    "deprecated": [],
    "preselect": [],
    "sortText": "11key",
    "filterText": "key: ",
    "insertText": null,
    "insertTextFormat": [
      1
    ],
    "textEdit": {
      "range": {
        "start": {
          "line": 7,
          "character": 12
        },
        "end": {
          "line": 7,
          "character": 12
        }
      },
      "newText": "key: "
    },
    "additionalTextEdits": null,
    "commitCharacters": null,
    "command": null
  }
]