[
  {
    "label": "description",
    "kind": [],
    "detail": "docs",
    "documentation": "description",
    "deprecated": [],
    "preselect": [],
    "sortText": "10description",
    "filterText": null,
    "insertText": null,
    "insertTextFormat": [
      1
    ],
    "textEdit": {
      "range": {
        "start": {
          "line": 6,
          "character": 11
        },
        "end": {
          "line": 6,
          "character": 11
        }
      },
      "newText": "description"
    },
    "additionalTextEdits": null,
    "commitCharacters": null,
    "command": null
  },
  {
    "label": "url",
    "kind": [],
    "detail": "docs",
    "documentation": "url",
    "deprecated": [],
    "preselect": [],
    "sortText": "10url",
    "filterText": null,
    "insertText": null,
    "insertTextFormat": [
      1
    ],
    "textEdit": {
      "range": {
        "start": {
          "line": 6,
          "character": 11
        },
        "end": {
          "line": 6,
          "character": 11
        }
      },
      "newText": "url"
    },
    "additionalTextEdits": null,
    "commitCharacters": null,
    "command": null
  }
]