[
  {
    "label": "aspect",
    "kind": [
      
    ],
    "detail": "unknown",
    "documentation": "aspect",
    "deprecated": [
      
    ],
    "preselect": [
      
    ],
    "sortText": "11aspect",
    "filterText": "aspect:\n  - ",
    "insertText": null,
    "insertTextFormat": [
      1
    ],
    "textEdit": {
      "range": {
        "start": {
          "line": 4,
          "character": 4
        },
        "end": {
          "line": 4,
          "character": 4
        }
      },
      "newText": "aspect:\n  - "
    },
    "additionalTextEdits": null,
    "commitCharacters": null,
    "command": null
  },
  {
    "label": "documentation",
    "kind": [
      
    ],
    "detail": "unknown",
    "documentation": "documentation",
    "deprecated": [
      
    ],
    "preselect": [
      
    ],
    "sortText": "11documentation",
    "filterText": "documentation: ",
    "insertText": null,
    "insertTextFormat": [
      1
    ],
    "textEdit": {
      "range": {
        "start": {
          "line": 4,
          "character": 4
        },
        "end": {
          "line": 4,
          "character": 4
        }
      },
      "newText": "documentation: "
    },
    "additionalTextEdits": null,
    "commitCharacters": null,
    "command": null
  },
  {
    "label": "examples",
    "kind": [
      
    ],
    "detail": "docs",
    "documentation": "examples",
    "deprecated": [
      
    ],
    "preselect": [
      
    ],
    "sortText": "11examples",
    "filterText": "examples:\n  ",
    "insertText": null,
    "insertTextFormat": [
      1
    ],
    "textEdit": {
      "range": {
        "start": {
          "line": 4,
          "character": 4
        },
        "end": {
          "line": 4,
          "character": 4
        }
      },
      "newText": "examples:\n  "
    },
    "additionalTextEdits": null,
    "commitCharacters": null,
    "command": null
  },
  {
    "label": "libraries",
    "kind": [
      
    ],
    "detail": "unknown",
    "documentation": "libraries",
    "deprecated": [
      
    ],
    "preselect": [
      
    ],
    "sortText": "11libraries",
    "filterText": "libraries:\n  - ",
    "insertText": null,
    "insertTextFormat": [
      1
    ],
    "textEdit": {
      "range": {
        "start": {
          "line": 4,
          "character": 4
        },
        "end": {
          "line": 4,
          "character": 4
        }
      },
      "newText": "libraries:\n  - "
    },
    "additionalTextEdits": null,
    "commitCharacters": null,
    "command": null
  },
  {
    "label": "message",
    "kind": [
      
    ],
    "detail": "unknown",
    "documentation": "message",
    "deprecated": [
      
    ],
    "preselect": [
      
    ],
    "sortText": "11message",
    "filterText": "message: ",
    "insertText": null,
    "insertTextFormat": [
      1
    ],
    "textEdit": {
      "range": {
        "start": {
          "line": 4,
          "character": 4
        },
        "end": {
          "line": 4,
          "character": 4
        }
      },
      "newText": "message: "
    },
    "additionalTextEdits": null,
    "commitCharacters": null,
    "command": null
  },
  {
    "label": "regoModule",
    "kind": [
      
    ],
    "detail": "unknown",
    "documentation": "regoModule",
    "deprecated": [
      
    ],
    "preselect": [
      
    ],
    "sortText": "10regoModule",
    "filterText": "regoModule:\n  ",
    "insertText": null,
    "insertTextFormat": [
      1
    ],
    "textEdit": {
      "range": {
        "start": {
          "line": 4,
          "character": 4
        },
        "end": {
          "line": 4,
          "character": 4
        }
      },
      "newText": "regoModule:\n  "
    },
    "additionalTextEdits": null,
    "commitCharacters": null,
    "command": null
  },
  {
    "label": "targetClass",
    "kind": [
      
    ],
    "detail": "unknown",
    "documentation": "targetClass",
    "deprecated": [
      
    ],
    "preselect": [
      
    ],
    "sortText": "11targetClass",
    "filterText": "targetClass: ",
    "insertText": null,
    "insertTextFormat": [
      1
    ],
    "textEdit": {
      "range": {
        "start": {
          "line": 4,
          "character": 4
        },
        "end": {
          "line": 4,
          "character": 4
        }
      },
      "newText": "targetClass: "
    },
    "additionalTextEdits": null,
    "commitCharacters": null,
    "command": null
  }
]