[
  {
    "label": "amqp",
    "kind": [
      
    ],
    "detail": "unknown",
    "documentation": "amqp",
    "deprecated": [
      
    ],
    "preselect": [
      
    ],
    "sortText": "10amqp",
    "filterText": "amqp",
    "insertText": null,
    "insertTextFormat": [
      1
    ],
    "textEdit": {
      "range": {
        "start": {
          "line": 3,
          "character": 14
        },
        "end": {
          "line": 3,
          "character": 14
        }
      },
      "newText": "amqp"
    },
    "additionalTextEdits": null,
    "commitCharacters": null,
    "command": null
  },
  {
    "label": "amqps",
    "kind": [
      
    ],
    "detail": "unknown",
    "documentation": "amqps",
    "deprecated": [
      
    ],
    "preselect": [
      
    ],
    "sortText": "10amqps",
    "filterText": "amqps",
    "insertText": null,
    "insertTextFormat": [
      1
    ],
    "textEdit": {
      "range": {
        "start": {
          "line": 3,
          "character": 14
        },
        "end": {
          "line": 3,
          "character": 14
        }
      },
      "newText": "amqps"
    },
    "additionalTextEdits": null,
    "commitCharacters": null,
    "command": null
  },
  {
    "label": "anypointmq",
    "kind": [
      
    ],
    "detail": "unknown",
    "documentation": "anypointmq",
    "deprecated": [
      
    ],
    "preselect": [
      
    ],
    "sortText": "10anypointmq",
    "filterText": "anypointmq",
    "insertText": null,
    "insertTextFormat": [
      1
    ],
    "textEdit": {
      "range": {
        "start": {
          "line": 3,
          "character": 14
        },
        "end": {
          "line": 3,
          "character": 14
        }
      },
      "newText": "anypointmq"
    },
    "additionalTextEdits": null,
    "commitCharacters": null,
    "command": null
  },
  {
    "label": "googlepubsub",
    "kind": [
      
    ],
    "detail": "unknown",
    "documentation": "googlepubsub",
    "deprecated": [
      
    ],
    "preselect": [
      
    ],
    "sortText": "10googlepubsub",
    "filterText": "googlepubsub",
    "insertText": null,
    "insertTextFormat": [
      1
    ],
    "textEdit": {
      "range": {
        "start": {
          "line": 3,
          "character": 14
        },
        "end": {
          "line": 3,
          "character": 14
        }
      },
      "newText": "googlepubsub"
    },
    "additionalTextEdits": null,
    "commitCharacters": null,
    "command": null
  },
  {
    "label": "http",
    "kind": [
      
    ],
    "detail": "unknown",
    "documentation": "http",
    "deprecated": [
      
    ],
    "preselect": [
      
    ],
    "sortText": "10http",
    "filterText": "http",
    "insertText": null,
    "insertTextFormat": [
      1
    ],
    "textEdit": {
      "range": {
        "start": {
          "line": 3,
          "character": 14
        },
        "end": {
          "line": 3,
          "character": 14
        }
      },
      "newText": "http"
    },
    "additionalTextEdits": null,
    "commitCharacters": null,
    "command": null
  },
  {
    "label": "https",
    "kind": [
      
    ],
    "detail": "unknown",
    "documentation": "https",
    "deprecated": [
      
    ],
    "preselect": [
      
    ],
    "sortText": "10https",
    "filterText": "https",
    "insertText": null,
    "insertTextFormat": [
      1
    ],
    "textEdit": {
      "range": {
        "start": {
          "line": 3,
          "character": 14
        },
        "end": {
          "line": 3,
          "character": 14
        }
      },
      "newText": "https"
    },
    "additionalTextEdits": null,
    "commitCharacters": null,
    "command": null
  },
  {
    "label": "ibmmq",
    "kind": [
      
    ],
    "detail": "unknown",
    "documentation": "ibmmq",
    "deprecated": [
      
    ],
    "preselect": [
      
    ],
    "sortText": "10ibmmq",
    "filterText": "ibmmq",
    "insertText": null,
    "insertTextFormat": [
      1
    ],
    "textEdit": {
      "range": {
        "start": {
          "line": 3,
          "character": 14
        },
        "end": {
          "line": 3,
          "character": 14
        }
      },
      "newText": "ibmmq"
    },
    "additionalTextEdits": null,
    "commitCharacters": null,
    "command": null
  },
  {
    "label": "jms",
    "kind": [
      
    ],
    "detail": "unknown",
    "documentation": "jms",
    "deprecated": [
      
    ],
    "preselect": [
      
    ],
    "sortText": "10jms",
    "filterText": "jms",
    "insertText": null,
    "insertTextFormat": [
      1
    ],
    "textEdit": {
      "range": {
        "start": {
          "line": 3,
          "character": 14
        },
        "end": {
          "line": 3,
          "character": 14
        }
      },
      "newText": "jms"
    },
    "additionalTextEdits": null,
    "commitCharacters": null,
    "command": null
  },
  {
    "label": "kafka",
    "kind": [
      
    ],
    "detail": "unknown",
    "documentation": "kafka",
    "deprecated": [
      
    ],
    "preselect": [
      
    ],
    "sortText": "10kafka",
    "filterText": "kafka",
    "insertText": null,
    "insertTextFormat": [
      1
    ],
    "textEdit": {
      "range": {
        "start": {
          "line": 3,
          "character": 14
        },
        "end": {
          "line": 3,
          "character": 14
        }
      },
      "newText": "kafka"
    },
    "additionalTextEdits": null,
    "commitCharacters": null,
    "command": null
  },
  {
    "label": "kafka -secure",
    "kind": [
      
    ],
    "detail": "unknown",
    "documentation": "kafka -secure",
    "deprecated": [
      
    ],
    "preselect": [
      
    ],
    "sortText": "10kafka -secure",
    "filterText": "kafka -secure",
    "insertText": null,
    "insertTextFormat": [
      1
    ],
    "textEdit": {
      "range": {
        "start": {
          "line": 3,
          "character": 14
        },
        "end": {
          "line": 3,
          "character": 14
        }
      },
      "newText": "kafka -secure"
    },
    "additionalTextEdits": null,
    "commitCharacters": null,
    "command": null
  },
  {
    "label": "mercure",
    "kind": [
      
    ],
    "detail": "unknown",
    "documentation": "mercure",
    "deprecated": [
      
    ],
    "preselect": [
      
    ],
    "sortText": "10mercure",
    "filterText": "mercure",
    "insertText": null,
    "insertTextFormat": [
      1
    ],
    "textEdit": {
      "range": {
        "start": {
          "line": 3,
          "character": 14
        },
        "end": {
          "line": 3,
          "character": 14
        }
      },
      "newText": "mercure"
    },
    "additionalTextEdits": null,
    "commitCharacters": null,
    "command": null
  },
  {
    "label": "mqtt",
    "kind": [
      
    ],
    "detail": "unknown",
    "documentation": "mqtt",
    "deprecated": [
      
    ],
    "preselect": [
      
    ],
    "sortText": "10mqtt",
    "filterText": "mqtt",
    "insertText": null,
    "insertTextFormat": [
      1
    ],
    "textEdit": {
      "range": {
        "start": {
          "line": 3,
          "character": 14
        },
        "end": {
          "line": 3,
          "character": 14
        }
      },
      "newText": "mqtt"
    },
    "additionalTextEdits": null,
    "commitCharacters": null,
    "command": null
  },
  {
    "label": "pulsar",
    "kind": [
      
    ],
    "detail": "unknown",
    "documentation": "pulsar",
    "deprecated": [
      
    ],
    "preselect": [
      
    ],
    "sortText": "10pulsar",
    "filterText": "pulsar",
    "insertText": null,
    "insertTextFormat": [
      1
    ],
    "textEdit": {
      "range": {
        "start": {
          "line": 3,
          "character": 14
        },
        "end": {
          "line": 3,
          "character": 14
        }
      },
      "newText": "pulsar"
    },
    "additionalTextEdits": null,
    "commitCharacters": null,
    "command": null
  },
  {
    "label": "secure -mqtt",
    "kind": [
      
    ],
    "detail": "unknown",
    "documentation": "secure -mqtt",
    "deprecated": [
      
    ],
    "preselect": [
      
    ],
    "sortText": "10secure -mqtt",
    "filterText": "secure -mqtt",
    "insertText": null,
    "insertTextFormat": [
      1
    ],
    "textEdit": {
      "range": {
        "start": {
          "line": 3,
          "character": 14
        },
        "end": {
          "line": 3,
          "character": 14
        }
      },
      "newText": "secure -mqtt"
    },
    "additionalTextEdits": null,
    "commitCharacters": null,
    "command": null
  },
  {
    "label": "solace",
    "kind": [
      
    ],
    "detail": "unknown",
    "documentation": "solace",
    "deprecated": [
      
    ],
    "preselect": [
      
    ],
    "sortText": "10solace",
    "filterText": "solace",
    "insertText": null,
    "insertTextFormat": [
      1
    ],
    "textEdit": {
      "range": {
        "start": {
          "line": 3,
          "character": 14
        },
        "end": {
          "line": 3,
          "character": 14
        }
      },
      "newText": "solace"
    },
    "additionalTextEdits": null,
    "commitCharacters": null,
    "command": null
  },
  {
    "label": "stomp",
    "kind": [
      
    ],
    "detail": "unknown",
    "documentation": "stomp",
    "deprecated": [
      
    ],
    "preselect": [
      
    ],
    "sortText": "10stomp",
    "filterText": "stomp",
    "insertText": null,
    "insertTextFormat": [
      1
    ],
    "textEdit": {
      "range": {
        "start": {
          "line": 3,
          "character": 14
        },
        "end": {
          "line": 3,
          "character": 14
        }
      },
      "newText": "stomp"
    },
    "additionalTextEdits": null,
    "commitCharacters": null,
    "command": null
  },
  {
    "label": "stomps",
    "kind": [
      
    ],
    "detail": "unknown",
    "documentation": "stomps",
    "deprecated": [
      
    ],
    "preselect": [
      
    ],
    "sortText": "10stomps",
    "filterText": "stomps",
    "insertText": null,
    "insertTextFormat": [
      1
    ],
    "textEdit": {
      "range": {
        "start": {
          "line": 3,
          "character": 14
        },
        "end": {
          "line": 3,
          "character": 14
        }
      },
      "newText": "stomps"
    },
    "additionalTextEdits": null,
    "commitCharacters": null,
    "command": null
  },
  {
    "label": "ws",
    "kind": [
      
    ],
    "detail": "unknown",
    "documentation": "ws",
    "deprecated": [
      
    ],
    "preselect": [
      
    ],
    "sortText": "10ws",
    "filterText": "ws",
    "insertText": null,
    "insertTextFormat": [
      1
    ],
    "textEdit": {
      "range": {
        "start": {
          "line": 3,
          "character": 14
        },
        "end": {
          "line": 3,
          "character": 14
        }
      },
      "newText": "ws"
    },
    "additionalTextEdits": null,
    "commitCharacters": null,
    "command": null
  },
  {
    "label": "wss",
    "kind": [
      
    ],
    "detail": "unknown",
    "documentation": "wss",
    "deprecated": [
      
    ],
    "preselect": [
      
    ],
    "sortText": "10wss",
    "filterText": "wss",
    "insertText": null,
    "insertTextFormat": [
      1
    ],
    "textEdit": {
      "range": {
        "start": {
          "line": 3,
          "character": 14
        },
        "end": {
          "line": 3,
          "character": 14
        }
      },
      "newText": "wss"
    },
    "additionalTextEdits": null,
    "commitCharacters": null,
    "command": null
  }
]