[
  {
    "label": "security",
    "kind": [],
    "detail": "unknown",
    "documentation": "security",
    "deprecated": [],
    "preselect": [],
    "sortText": "11security",
    "filterText": "\n- security",
    "insertText": null,
    "insertTextFormat": [
      1
    ],
    "textEdit": {
      "range": {
        "start": {
          "line": 4,
          "character": 10
        },
        "end": {
          "line": 4,
          "character": 10
        }
      },
      "newText": "\n- security"
    },
    "additionalTextEdits": null,
    "commitCharacters": null,
    "command": null
  }
]