uri: file://als-node-client/src/test/resources/custom-validation/byDirectory/profile8/negative.data
diagnostics:
  -
    message: API title is mandatory
    range: Range(common.Position[L:2,C:0],common.Position[L:5,C:10])
    severity: Error
    code: http://a.ml/vocabularies/amf/parser#WebAPI-name-minCount
    relatedInformation: []
  -
    message: GET operations must have 2xx, 4xx and 5xx status codes but no 201
    range: Range(common.Position[L:2,C:0],common.Position[L:5,C:10])
    severity: Error
    code: file://als-node-client/src/test/resources/custom-validation/byDirectory/profile8/profile.yaml#/encodes/validations/simple-rego
    relatedInformation:
      -
        message: "Error at "
        location: Location(file://als-node-client/src/test/resources/custom-validation/byDirectory/profile8/negative.data,Range(common.Position[L:2,C:0],common.Position[L:5,C:10]))
  -
    message: GET operations must have 2xx, 4xx and 5xx status codes but no 201
    range: Range(common.Position[L:2,C:0],common.Position[L:5,C:10])
    severity: Error
    code: file://als-node-client/src/test/resources/custom-validation/byDirectory/profile8/profile.yaml#/encodes/validations/simple-rego2
    relatedInformation:
      -
        message: "Error at "
        location: Location(file://als-node-client/src/test/resources/custom-validation/byDirectory/profile8/negative.data,Range(common.Position[L:2,C:0],common.Position[L:5,C:10]))
